$ git status
On branch master
Your branch is up to date with 'origin/master'.

Changes not staged for commit:
  (use "git add <file>..." to update what will be committed)
  (use "git restore <file>..." to discard changes in working directory)
	modified:   artifacts/git_commands_log.txt

no changes added to commit (use "git add" and/or "git commit -a")
# Shows which files are staged, unstaged, or untracked.

$ git log --oneline --decorate --graph --all
* 85b6093 (HEAD -> master, origin/master) chore: add git command evidence
* 8de0777 fix: restore correct greeting format
* 9616e9a introduce formatting bug for practice
* 75b58ee feat: add minimal cli app
* ec39d41 chore: initialize repo structure
# Displays commit history, branch pointers, and graph structure.

$ git diff
diff --git a/artifacts/git_commands_log.txt b/artifacts/git_commands_log.txt
index 6358e53..995fd32 100644
--- a/artifacts/git_commands_log.txt
+++ b/artifacts/git_commands_log.txt
@@ -1,60 +1,21 @@
-On branch master
-Changes not staged for commit:
-  (use "git add <file>..." to update what will be committed)
-  (use "git restore <file>..." to discard changes in working directory)
-	modified:   README.md
-
-Untracked files:
-  (use "git add <file>..." to include in what will be committed)
-	artifacts/
-
-no changes added to commit (use "git add" and/or "git commit -a")
-* 8de0777 (HEAD -> master) fix: restore correct greeting format
-* 9616e9a introduce formatting bug for practice
-* 75b58ee feat: add minimal cli app
-* ec39d41 chore: initialize repo structure
 $ git status
 On branch master
+Your branch is up to date with 'origin/master'.
+
 Changes not staged for commit:
   (use "git add <file>..." to update what will be committed)
   (use "git restore <file>..." to discard changes in working directory)
-	modified:   README.md
-
-Untracked files:
-  (use "git add <file>..." to include in what will be committed)
-	artifacts/
+	modified:   artifacts/git_commands_log.txt
 
 no changes added to commit (use "git add" and/or "git commit -a")
 # Shows which files are staged, unstaged, or untracked.
 
 $ git log --oneline --decorate --graph --all
-* 8de0777 (HEAD -> master) fix: restore correct greeting format
+* 85b6093 (HEAD -> master, origin/master) chore: add git command evidence
+* 8de0777 fix: restore correct greeting format
 * 9616e9a introduce formatting bug for practice
 * 75b58ee feat: add minimal cli app
 * ec39d41 chore: initialize repo structure
 # Displays commit history, branch pointers, and graph structure.
 
 $ git diff
-diff --git a/README.md b/README.md
-index 2709881..9e6a6ef 100644
---- a/README.md
-+++ b/README.md
-@@ -1,5 +1,12 @@
--PROJECT TITLE:
-+PROJECT TITLE: hw08_git_hygiene
- 
--DESCRIPTION:
-+DESCRIPTION: Practice git commands
- 
--HOW TO RUN APP:
-+HOW TO RUN APP: In git bash "py src/mini_app.py --name 'NAME'"
-+
-+PREREQUISITES: Python 3.11+
-+
-+EXPECTED OUTPUT: "Hello, 'NAME'"
-+
-+REPO HYGIENE NOTES: .gitignore prevents temporary files from being committed 
-+to the repo (e.g. __pycache__, virtual env., system files).  
-# Shows unstaged changes compared to the last commit.
-
-$ git add .
# Shows unstaged changes compared to the last commit.

$ git add .
warning: in the working copy of 'artifacts/git_commands_log.txt', LF will be replaced by CRLF the next time Git touches it
# Stages changes to be included in the next commit.

$ git commit -m 'chore: add git command evidence'
[master b2af22a] chore: add git command evidence
 1 file changed, 73 insertions(+), 39 deletions(-)
# Creates a new commit snapshot in repository history.

$ git remote -v
origin	https://github.com/Trapp2988/hw08_git_hygiene.git (fetch)
origin	https://github.com/Trapp2988/hw08_git_hygiene.git (push)
# Shows the remote repository URLs connected to this repo.

$ git push
To https://github.com/Trapp2988/hw08_git_hygiene.git
   85b6093..b2af22a  master -> master
# Uploads local commits to the remote repository.

$ git pull
Already up to date.
# Fetches and merges changes from the remote repository.

